overnight search: 8.0h, 7 workers, 17 params
seed: 24/27  relerr=3.076
[0.01h #15] NEW BEST 24/27 relerr=2.941  fails=['CyclinD1 GNP+HHi/GNP', 'CyclinD1 MB+HHi/MB', 'CyclinD1 MB/GNP', 'MYCN GNP+HHi/GNP', 'MYCN MB+HHi/MB', 'MYCN MB/GNP', 'Gli1 GNP+HHi reduction', 'Gli1 MB/GNP', 'EZH2 MB/GNP', 'EZH2i CycD1 fold (GNP)', 'EZH2 G0/cycling (~0.6)', 'Period GNP (~22h)', 'MB 2N (G0+G1) count% (flow)', 'MB S count% (flow; BrdU Ts~3h)', 'MB G2+M duration ~2.5h (direct)', 'MB HU S fold', 'MB HU G2 fold', 'EZH2 transcript S/G0 (1.8-2.5)', 'EZH2 protein G2/G0 (1.48)', 'HU EZH2-in-S boost (1.31)']
[0.09h] 141 evals, best 24/27 (relerr 2.941)
[0.14h #203] NEW BEST 24/27 relerr=2.935  fails=['CyclinD1 GNP+HHi/GNP', 'CyclinD1 MB+HHi/MB', 'CyclinD1 MB/GNP', 'MYCN GNP+HHi/GNP', 'MYCN MB+HHi/MB', 'MYCN MB/GNP', 'Gli1 GNP+HHi reduction', 'Gli1 MB/GNP', 'EZH2 MB/GNP', 'EZH2i CycD1 fold (GNP)', 'EZH2 G0/cycling (~0.6)', 'Period GNP (~22h)', 'MB 2N (G0+G1) count% (flow)', 'MB S count% (flow; BrdU Ts~3h)', 'MB G2+M duration ~2.5h (direct)', 'MB HU S fold', 'MB HU G2 fold', 'EZH2 transcript S/G0 (1.8-2.5)', 'EZH2 protein G2/G0 (1.48)', 'HU EZH2-in-S boost (1.31)']
[0.15h #230] NEW BEST 24/27 relerr=2.673  fails=['CyclinD1 GNP+HHi/GNP', 'CyclinD1 MB+HHi/MB', 'CyclinD1 MB/GNP', 'MYCN GNP+HHi/GNP', 'MYCN MB+HHi/MB', 'MYCN MB/GNP', 'Gli1 GNP+HHi reduction', 'Gli1 MB/GNP', 'EZH2 MB/GNP', 'EZH2i CycD1 fold (GNP)', 'EZH2 G0/cycling (~0.6)', 'Period GNP (~22h)', 'MB 2N (G0+G1) count% (flow)', 'MB S count% (flow; BrdU Ts~3h)', 'MB G2+M duration ~2.5h (direct)', 'MB HU S fold', 'MB HU G2 fold', 'EZH2 transcript S/G0 (1.8-2.5)', 'EZH2 protein G2/G0 (1.48)', 'HU EZH2-in-S boost (1.31)']
[0.16h #240] NEW BEST 24/27 relerr=2.480  fails=['CyclinD1 GNP+HHi/GNP', 'CyclinD1 MB+HHi/MB', 'CyclinD1 MB/GNP', 'MYCN GNP+HHi/GNP', 'MYCN MB+HHi/MB', 'MYCN MB/GNP', 'Gli1 GNP+HHi reduction', 'Gli1 MB/GNP', 'EZH2 MB/GNP', 'EZH2i CycD1 fold (GNP)', 'EZH2 G0/cycling (~0.6)', 'Period GNP (~22h)', 'MB 2N (G0+G1) count% (flow)', 'MB S count% (flow; BrdU Ts~3h)', 'MB G2+M duration ~2.5h (direct)', 'MB HU S fold', 'MB HU G2 fold', 'EZH2 transcript S/G0 (1.8-2.5)', 'EZH2 protein G2/G0 (1.48)', 'HU EZH2-in-S boost (1.31)']
[0.17h #250] NEW BEST 25/27 relerr=2.596  fails=['CyclinD1 GNP+HHi/GNP', 'CyclinD1 MB+HHi/MB', 'CyclinD1 MB/GNP', 'MYCN GNP+HHi/GNP', 'MYCN MB+HHi/MB', 'MYCN MB/GNP', 'Gli1 GNP+HHi reduction', 'Gli1 MB/GNP', 'EZH2 MB/GNP', 'EZH2i CycD1 fold (GNP)', 'EZH2 G0/cycling (~0.6)', 'Period GNP (~22h)', 'MB 2N (G0+G1) count% (flow)', 'MB S count% (flow; BrdU Ts~3h)', 'MB G2+M duration ~2.5h (direct)', 'MB HU S fold', 'MB HU G2 fold', 'EZH2 transcript S/G0 (1.8-2.5)', 'EZH2 protein G2/G0 (1.48)', 'HU EZH2-in-S boost (1.31)']
[0.17h #254] NEW BEST 25/27 relerr=2.267  fails=['CyclinD1 GNP+HHi/GNP', 'CyclinD1 MB+HHi/MB', 'CyclinD1 MB/GNP', 'MYCN GNP+HHi/GNP', 'MYCN MB+HHi/MB', 'MYCN MB/GNP', 'Gli1 GNP+HHi reduction', 'Gli1 MB/GNP', 'EZH2 MB/GNP', 'EZH2i CycD1 fold (GNP)', 'EZH2 G0/cycling (~0.6)', 'Period GNP (~22h)', 'MB 2N (G0+G1) count% (flow)', 'MB S count% (flow; BrdU Ts~3h)', 'MB G2+M duration ~2.5h (direct)', 'MB HU S fold', 'MB HU G2 fold', 'EZH2 transcript S/G0 (1.8-2.5)', 'EZH2 protein G2/G0 (1.48)', 'HU EZH2-in-S boost (1.31)']
[0.18h #271] NEW BEST 25/27 relerr=2.260  fails=['CyclinD1 GNP+HHi/GNP', 'CyclinD1 MB+HHi/MB', 'CyclinD1 MB/GNP', 'MYCN GNP+HHi/GNP', 'MYCN MB+HHi/MB', 'MYCN MB/GNP', 'Gli1 GNP+HHi reduction', 'Gli1 MB/GNP', 'EZH2 MB/GNP', 'EZH2i CycD1 fold (GNP)', 'EZH2 G0/cycling (~0.6)', 'Period GNP (~22h)', 'MB 2N (G0+G1) count% (flow)', 'MB S count% (flow; BrdU Ts~3h)', 'MB G2+M duration ~2.5h (direct)', 'MB HU S fold', 'MB HU G2 fold', 'EZH2 transcript S/G0 (1.8-2.5)', 'EZH2 protein G2/G0 (1.48)', 'HU EZH2-in-S boost (1.31)']
[0.18h] 281 evals, best 25/27 (relerr 2.260)
[0.19h #294] NEW BEST 25/27 relerr=2.209  fails=['CyclinD1 GNP+HHi/GNP', 'CyclinD1 MB+HHi/MB', 'CyclinD1 MB/GNP', 'MYCN GNP+HHi/GNP', 'MYCN MB+HHi/MB', 'MYCN MB/GNP', 'Gli1 GNP+HHi reduction', 'Gli1 MB/GNP', 'EZH2 MB/GNP', 'EZH2i CycD1 fold (GNP)', 'EZH2 G0/cycling (~0.6)', 'Period GNP (~22h)', 'MB 2N (G0+G1) count% (flow)', 'MB S count% (flow; BrdU Ts~3h)', 'MB G2+M duration ~2.5h (direct)', 'MB HU S fold', 'MB HU G2 fold', 'EZH2 transcript S/G0 (1.8-2.5)', 'EZH2 protein G2/G0 (1.48)', 'HU EZH2-in-S boost (1.31)']
[0.22h #337] NEW BEST 25/27 relerr=2.181  fails=['CyclinD1 GNP+HHi/GNP', 'CyclinD1 MB+HHi/MB', 'CyclinD1 MB/GNP', 'MYCN GNP+HHi/GNP', 'MYCN MB+HHi/MB', 'MYCN MB/GNP', 'Gli1 GNP+HHi reduction', 'Gli1 MB/GNP', 'EZH2 MB/GNP', 'EZH2i CycD1 fold (GNP)', 'EZH2 G0/cycling (~0.6)', 'Period GNP (~22h)', 'MB 2N (G0+G1) count% (flow)', 'MB S count% (flow; BrdU Ts~3h)', 'MB G2+M duration ~2.5h (direct)', 'MB HU S fold', 'MB HU G2 fold', 'EZH2 transcript S/G0 (1.8-2.5)', 'EZH2 protein G2/G0 (1.48)', 'HU EZH2-in-S boost (1.31)']
[0.27h] 421 evals, best 25/27 (relerr 2.181)
[0.36h] 561 evals, best 25/27 (relerr 2.181)
[0.42h #644] NEW BEST 25/27 relerr=2.141  fails=['CyclinD1 MB+HHi/MB', 'CyclinD1 MB/GNP', 'MYCN GNP+HHi/GNP', 'MYCN MB+HHi/MB', 'MYCN MB/GNP', 'Gli1 GNP+HHi reduction', 'Gli1 MB/GNP', 'EZH2 MB/GNP', 'EZH2i CycD1 fold (GNP)', 'EZH2 G0/cycling (~0.6)', 'Period GNP (~22h)', 'MB 2N (G0+G1) count% (flow)', 'MB S count% (flow; BrdU Ts~3h)', 'MB G2+M duration ~2.5h (direct)', 'MB HU S fold', 'MB HU G2 fold', 'EZH2 transcript S/G0 (1.8-2.5)', 'EZH2 protein G2/G0 (1.48)', 'HU EZH2-in-S boost (1.31)']
[0.45h] 701 evals, best 25/27 (relerr 2.141)
[0.48h #740] NEW BEST 25/27 relerr=2.119  fails=['CyclinD1 GNP+HHi/GNP', 'CyclinD1 MB+HHi/MB', 'CyclinD1 MB/GNP', 'MYCN GNP+HHi/GNP', 'MYCN MB+HHi/MB', 'MYCN MB/GNP', 'Gli1 GNP+HHi reduction', 'Gli1 MB/GNP', 'EZH2 MB/GNP', 'EZH2i CycD1 fold (GNP)', 'EZH2 G0/cycling (~0.6)', 'Period GNP (~22h)', 'MB 2N (G0+G1) count% (flow)', 'MB S count% (flow; BrdU Ts~3h)', 'MB G2+M duration ~2.5h (direct)', 'MB HU S fold', 'MB HU G2 fold', 'EZH2 transcript S/G0 (1.8-2.5)', 'EZH2 protein G2/G0 (1.48)', 'HU EZH2-in-S boost (1.31)']
[0.54h] 841 evals, best 25/27 (relerr 2.119)
[0.57h #883] NEW BEST 25/27 relerr=2.107  fails=['CyclinD1 GNP+HHi/GNP', 'CyclinD1 MB+HHi/MB', 'CyclinD1 MB/GNP', 'MYCN GNP+HHi/GNP', 'MYCN MB+HHi/MB', 'MYCN MB/GNP', 'Gli1 GNP+HHi reduction', 'Gli1 MB/GNP', 'EZH2 MB/GNP', 'EZH2i CycD1 fold (GNP)', 'EZH2 G0/cycling (~0.6)', 'Period GNP (~22h)', 'MB 2N (G0+G1) count% (flow)', 'MB S count% (flow; BrdU Ts~3h)', 'MB G2+M duration ~2.5h (direct)', 'MB HU S fold', 'MB HU G2 fold', 'EZH2 transcript S/G0 (1.8-2.5)', 'EZH2 protein G2/G0 (1.48)', 'HU EZH2-in-S boost (1.31)']
[0.63h] 981 evals, best 25/27 (relerr 2.107)
[0.66h #1017] NEW BEST 25/27 relerr=2.089  fails=['CyclinD1 GNP+HHi/GNP', 'CyclinD1 MB+HHi/MB', 'CyclinD1 MB/GNP', 'MYCN GNP+HHi/GNP', 'MYCN MB+HHi/MB', 'MYCN MB/GNP', 'Gli1 GNP+HHi reduction', 'Gli1 MB/GNP', 'EZH2 MB/GNP', 'EZH2i CycD1 fold (GNP)', 'EZH2 G0/cycling (~0.6)', 'Period GNP (~22h)', 'MB 2N (G0+G1) count% (flow)', 'MB S count% (flow; BrdU Ts~3h)', 'MB G2+M duration ~2.5h (direct)', 'MB HU S fold', 'MB HU G2 fold', 'EZH2 transcript S/G0 (1.8-2.5)', 'EZH2 protein G2/G0 (1.48)', 'HU EZH2-in-S boost (1.31)']
[0.72h] 1121 evals, best 25/27 (relerr 2.089)
[0.72h #1128] NEW BEST 25/27 relerr=2.085  fails=['CyclinD1 GNP+HHi/GNP', 'CyclinD1 MB+HHi/MB', 'CyclinD1 MB/GNP', 'MYCN GNP+HHi/GNP', 'MYCN MB+HHi/MB', 'MYCN MB/GNP', 'Gli1 GNP+HHi reduction', 'Gli1 MB/GNP', 'EZH2 MB/GNP', 'EZH2i CycD1 fold (GNP)', 'EZH2 G0/cycling (~0.6)', 'Period GNP (~22h)', 'MB 2N (G0+G1) count% (flow)', 'MB S count% (flow; BrdU Ts~3h)', 'MB G2+M duration ~2.5h (direct)', 'MB HU S fold', 'MB HU G2 fold', 'EZH2 transcript S/G0 (1.8-2.5)', 'EZH2 protein G2/G0 (1.48)', 'HU EZH2-in-S boost (1.31)']
[0.81h] 1261 evals, best 25/27 (relerr 2.085)
[0.90h] 1401 evals, best 25/27 (relerr 2.085)
[0.99h] 1541 evals, best 25/27 (relerr 2.085)
[0.99h #1543] NEW BEST 25/27 relerr=2.079  fails=['CyclinD1 GNP+HHi/GNP', 'CyclinD1 MB+HHi/MB', 'CyclinD1 MB/GNP', 'MYCN GNP+HHi/GNP', 'MYCN MB+HHi/MB', 'MYCN MB/GNP', 'Gli1 GNP+HHi reduction', 'Gli1 MB/GNP', 'EZH2 MB/GNP', 'EZH2i CycD1 fold (GNP)', 'EZH2 G0/cycling (~0.6)', 'Period GNP (~22h)', 'MB 2N (G0+G1) count% (flow)', 'MB S count% (flow; BrdU Ts~3h)', 'MB G2+M duration ~2.5h (direct)', 'MB HU S fold', 'MB HU G2 fold', 'EZH2 transcript S/G0 (1.8-2.5)', 'EZH2 protein G2/G0 (1.48)', 'HU EZH2-in-S boost (1.31)']
[1.08h] 1681 evals, best 25/27 (relerr 2.079)
[1.09h #1707] NEW BEST 25/27 relerr=2.069  fails=['CyclinD1 GNP+HHi/GNP', 'CyclinD1 MB+HHi/MB', 'CyclinD1 MB/GNP', 'MYCN GNP+HHi/GNP', 'MYCN MB+HHi/MB', 'MYCN MB/GNP', 'Gli1 GNP+HHi reduction', 'Gli1 MB/GNP', 'EZH2 MB/GNP', 'EZH2i CycD1 fold (GNP)', 'EZH2 G0/cycling (~0.6)', 'Period GNP (~22h)', 'MB 2N (G0+G1) count% (flow)', 'MB S count% (flow; BrdU Ts~3h)', 'MB G2+M duration ~2.5h (direct)', 'MB HU S fold', 'MB HU G2 fold', 'EZH2 transcript S/G0 (1.8-2.5)', 'EZH2 protein G2/G0 (1.48)', 'HU EZH2-in-S boost (1.31)']
[1.17h] 1821 evals, best 25/27 (relerr 2.069)
[1.26h] 1961 evals, best 25/27 (relerr 2.069)
[1.34h] 2101 evals, best 25/27 (relerr 2.069)
[1.43h] 2241 evals, best 25/27 (relerr 2.069)
[1.52h] 2381 evals, best 25/27 (relerr 2.069)
[1.52h #2387] NEW BEST 25/27 relerr=2.049  fails=['CyclinD1 GNP+HHi/GNP', 'CyclinD1 MB+HHi/MB', 'CyclinD1 MB/GNP', 'MYCN GNP+HHi/GNP', 'MYCN MB+HHi/MB', 'MYCN MB/GNP', 'Gli1 GNP+HHi reduction', 'Gli1 MB/GNP', 'EZH2 MB/GNP', 'EZH2i CycD1 fold (GNP)', 'Period GNP (~22h)', 'MB 2N (G0+G1) count% (flow)', 'MB S count% (flow; BrdU Ts~3h)', 'MB G2+M duration ~2.5h (direct)', 'MB HU S fold', 'MB HU G2 fold', 'EZH2 transcript S/G0 (1.8-2.5)', 'EZH2 protein G2/G0 (1.48)', 'HU EZH2-in-S boost (1.31)']
[1.61h] 2521 evals, best 25/27 (relerr 2.049)
[1.70h] 2661 evals, best 25/27 (relerr 2.049)
[1.79h] 2801 evals, best 25/27 (relerr 2.049)
[1.88h] 2941 evals, best 25/27 (relerr 2.049)
[1.97h] 3081 evals, best 25/27 (relerr 2.049)
[2.06h #3215] NEW BEST 25/27 relerr=2.048  fails=['CyclinD1 GNP+HHi/GNP', 'CyclinD1 MB+HHi/MB', 'CyclinD1 MB/GNP', 'MYCN GNP+HHi/GNP', 'MYCN MB+HHi/MB', 'MYCN MB/GNP', 'Gli1 GNP+HHi reduction', 'Gli1 MB/GNP', 'EZH2 MB/GNP', 'EZH2i CycD1 fold (GNP)', 'EZH2 G0/cycling (~0.6)', 'Period GNP (~22h)', 'MB 2N (G0+G1) count% (flow)', 'MB S count% (flow; BrdU Ts~3h)', 'MB G2+M duration ~2.5h (direct)', 'MB HU S fold', 'MB HU G2 fold', 'EZH2 transcript S/G0 (1.8-2.5)', 'EZH2 protein G2/G0 (1.48)', 'HU EZH2-in-S boost (1.31)']
[2.06h] 3221 evals, best 25/27 (relerr 2.048)
[2.11h #3305] NEW BEST 25/27 relerr=2.047  fails=['CyclinD1 GNP+HHi/GNP', 'CyclinD1 MB+HHi/MB', 'CyclinD1 MB/GNP', 'MYCN GNP+HHi/GNP', 'MYCN MB+HHi/MB', 'MYCN MB/GNP', 'Gli1 GNP+HHi reduction', 'Gli1 MB/GNP', 'EZH2 MB/GNP', 'EZH2i CycD1 fold (GNP)', 'EZH2 G0/cycling (~0.6)', 'Period GNP (~22h)', 'MB 2N (G0+G1) count% (flow)', 'MB S count% (flow; BrdU Ts~3h)', 'MB G2+M duration ~2.5h (direct)', 'MB HU S fold', 'MB HU G2 fold', 'EZH2 transcript S/G0 (1.8-2.5)', 'EZH2 protein G2/G0 (1.48)', 'HU EZH2-in-S boost (1.31)']
[2.15h] 3361 evals, best 25/27 (relerr 2.047)
[2.24h] 3501 evals, best 25/27 (relerr 2.047)
[2.27h #3539] NEW BEST 25/27 relerr=2.032  fails=['CyclinD1 GNP+HHi/GNP', 'CyclinD1 MB+HHi/MB', 'CyclinD1 MB/GNP', 'MYCN GNP+HHi/GNP', 'MYCN MB+HHi/MB', 'MYCN MB/GNP', 'Gli1 GNP+HHi reduction', 'Gli1 MB/GNP', 'EZH2 MB/GNP', 'EZH2i CycD1 fold (GNP)', 'Period GNP (~22h)', 'MB 2N (G0+G1) count% (flow)', 'MB S count% (flow; BrdU Ts~3h)', 'MB G2+M duration ~2.5h (direct)', 'MB HU S fold', 'MB HU G2 fold', 'EZH2 protein G2/G0 (1.48)', 'HU EZH2-in-S boost (1.31)']
[2.33h] 3641 evals, best 25/27 (relerr 2.032)
[2.42h] 3781 evals, best 25/27 (relerr 2.032)
[2.51h] 3921 evals, best 25/27 (relerr 2.032)
[2.60h] 4061 evals, best 25/27 (relerr 2.032)
[2.69h] 4201 evals, best 25/27 (relerr 2.032)
[2.78h] 4341 evals, best 25/27 (relerr 2.032)
[2.86h #4465] NEW BEST 25/27 relerr=2.024  fails=['CyclinD1 GNP+HHi/GNP', 'CyclinD1 MB+HHi/MB', 'CyclinD1 MB/GNP', 'MYCN GNP+HHi/GNP', 'MYCN MB+HHi/MB', 'MYCN MB/GNP', 'Gli1 GNP+HHi reduction', 'Gli1 MB/GNP', 'EZH2 MB/GNP', 'EZH2i CycD1 fold (GNP)', 'EZH2 G0/cycling (~0.6)', 'Period GNP (~22h)', 'MB 2N (G0+G1) count% (flow)', 'MB S count% (flow; BrdU Ts~3h)', 'MB G2+M duration ~2.5h (direct)', 'MB HU S fold', 'MB HU G2 fold', 'EZH2 protein G2/G0 (1.48)', 'HU EZH2-in-S boost (1.31)']
[2.87h] 4481 evals, best 25/27 (relerr 2.024)
[2.96h] 4621 evals, best 25/27 (relerr 2.024)
[3.05h] 4761 evals, best 25/27 (relerr 2.024)
[3.05h #4765] NEW BEST 25/27 relerr=2.023  fails=['CyclinD1 GNP+HHi/GNP', 'CyclinD1 MB+HHi/MB', 'CyclinD1 MB/GNP', 'MYCN GNP+HHi/GNP', 'MYCN MB+HHi/MB', 'MYCN MB/GNP', 'Gli1 GNP+HHi reduction', 'Gli1 MB/GNP', 'EZH2 MB/GNP', 'EZH2i CycD1 fold (GNP)', 'EZH2 G0/cycling (~0.6)', 'Period GNP (~22h)', 'MB 2N (G0+G1) count% (flow)', 'MB S count% (flow; BrdU Ts~3h)', 'MB G2+M duration ~2.5h (direct)', 'MB HU S fold', 'MB HU G2 fold', 'EZH2 transcript S/G0 (1.8-2.5)', 'EZH2 protein G2/G0 (1.48)', 'HU EZH2-in-S boost (1.31)']
[3.14h] 4901 evals, best 25/27 (relerr 2.023)
[3.23h] 5041 evals, best 25/27 (relerr 2.023)
[3.32h] 5181 evals, best 25/27 (relerr 2.023)
[3.41h] 5321 evals, best 25/27 (relerr 2.023)
[3.50h] 5461 evals, best 25/27 (relerr 2.023)
[3.58h] 5601 evals, best 25/27 (relerr 2.023)
[3.67h] 5741 evals, best 25/27 (relerr 2.023)
[3.76h] 5881 evals, best 25/27 (relerr 2.023)
[3.85h] 6021 evals, best 25/27 (relerr 2.023)
[3.94h] 6161 evals, best 25/27 (relerr 2.023)
[4.03h] 6301 evals, best 25/27 (relerr 2.023)
[4.12h] 6441 evals, best 25/27 (relerr 2.023)
[4.21h] 6581 evals, best 25/27 (relerr 2.023)
[4.30h] 6721 evals, best 25/27 (relerr 2.023)
[4.39h] 6861 evals, best 25/27 (relerr 2.023)
[4.48h] 7001 evals, best 25/27 (relerr 2.023)
[4.57h] 7141 evals, best 25/27 (relerr 2.023)
[4.66h] 7281 evals, best 25/27 (relerr 2.023)
[4.74h] 7421 evals, best 25/27 (relerr 2.023)
[4.83h] 7561 evals, best 25/27 (relerr 2.023)
[4.92h] 7701 evals, best 25/27 (relerr 2.023)
[5.01h] 7841 evals, best 25/27 (relerr 2.023)
[5.10h] 7981 evals, best 25/27 (relerr 2.023)
[5.19h] 8121 evals, best 25/27 (relerr 2.023)
[5.28h] 8261 evals, best 25/27 (relerr 2.023)
[5.37h] 8401 evals, best 25/27 (relerr 2.023)
[5.46h] 8541 evals, best 25/27 (relerr 2.023)
[5.55h] 8681 evals, best 25/27 (relerr 2.023)
[5.64h] 8821 evals, best 25/27 (relerr 2.023)
[5.73h] 8961 evals, best 25/27 (relerr 2.023)
[5.82h] 9101 evals, best 25/27 (relerr 2.023)
[5.91h] 9241 evals, best 25/27 (relerr 2.023)
[6.00h] 9381 evals, best 25/27 (relerr 2.023)
[6.09h] 9521 evals, best 25/27 (relerr 2.023)
[6.18h] 9661 evals, best 25/27 (relerr 2.023)
[6.27h] 9801 evals, best 25/27 (relerr 2.023)
[6.36h] 9941 evals, best 25/27 (relerr 2.023)
[6.45h] 10081 evals, best 25/27 (relerr 2.023)
[6.54h] 10221 evals, best 25/27 (relerr 2.023)
[6.63h] 10361 evals, best 25/27 (relerr 2.023)
[6.73h] 10501 evals, best 25/27 (relerr 2.023)
[6.82h] 10641 evals, best 25/27 (relerr 2.023)
[6.92h] 10781 evals, best 25/27 (relerr 2.023)
[7.00h] 10921 evals, best 25/27 (relerr 2.023)
[7.09h] 11061 evals, best 25/27 (relerr 2.023)
[7.18h] 11201 evals, best 25/27 (relerr 2.023)
[7.28h] 11341 evals, best 25/27 (relerr 2.023)
[7.31h #11380] NEW BEST 25/27 relerr=2.023  fails=['CyclinD1 MB+HHi/MB', 'CyclinD1 MB/GNP', 'MYCN GNP+HHi/GNP', 'MYCN MB+HHi/MB', 'MYCN MB/GNP', 'Gli1 GNP+HHi reduction', 'Gli1 MB/GNP', 'EZH2 MB/GNP', 'EZH2i CycD1 fold (GNP)', 'EZH2 G0/cycling (~0.6)', 'Period GNP (~22h)', 'MB 2N (G0+G1) count% (flow)', 'MB S count% (flow; BrdU Ts~3h)', 'MB G2+M duration ~2.5h (direct)', 'MB HU S fold', 'MB HU G2 fold', 'EZH2 protein G2/G0 (1.48)', 'HU EZH2-in-S boost (1.31)']
[7.38h] 11481 evals, best 25/27 (relerr 2.023)
[7.47h] 11621 evals, best 25/27 (relerr 2.023)
[7.53h #11693] NEW BEST 25/27 relerr=2.018  fails=['CyclinD1 MB+HHi/MB', 'CyclinD1 MB/GNP', 'MYCN GNP+HHi/GNP', 'MYCN MB+HHi/MB', 'MYCN MB/GNP', 'Gli1 GNP+HHi reduction', 'Gli1 MB/GNP', 'EZH2 MB/GNP', 'EZH2i CycD1 fold (GNP)', 'EZH2 G0/cycling (~0.6)', 'Period GNP (~22h)', 'MB 2N (G0+G1) count% (flow)', 'MB S count% (flow; BrdU Ts~3h)', 'MB G2+M duration ~2.5h (direct)', 'MB HU S fold', 'MB HU G2 fold', 'EZH2 transcript S/G0 (1.8-2.5)', 'EZH2 protein G2/G0 (1.48)', 'HU EZH2-in-S boost (1.31)']
[7.57h] 11761 evals, best 25/27 (relerr 2.018)
[7.67h] 11901 evals, best 25/27 (relerr 2.018)
[7.76h] 12041 evals, best 25/27 (relerr 2.018)
[7.86h] 12181 evals, best 25/27 (relerr 2.018)
[7.95h] 12321 evals, best 25/27 (relerr 2.018)
DONE: 12405 evals in 8.00h. Best 25/27 relerr=2.018
best params: {"kEZbas": 0.0005171937705282363, "kEZbas_Cd": 0.0015250320995178015, "kEZE2f": 0.0061952167838410024, "kDeEZ": 0.0012895048300270314, "kTlEZ": 0.015098862630302894, "kDeEZm": 0.008236525813556128, "Kez_cd": 6.096865328977264, "K_EZH2_repression": 0.549964984852793, "K_mk": 0.30268710283935474, "n_mk": 1.7940775413679206, "f0_mk": 0.14497007804615436, "k_w_mk": 0.004498873096749711, "k0_mk": 0.0005405131204753427, "g_mk": 0.1381197434900631, "K_tx_mk": 4.491233258656593, "p_tx_mk": 5.0, "del_mk": 0.0035765563604403775}
